tower eta list:  [0.04365012049674988, 0.13095006346702576, 0.21825000643730164, 0.30555006861686707, 0.3928501307964325, 0.4801500737667084, 0.5674500465393066, 0.6547501087188721, 0.7420501708984375, 0.8293502330780029, 0.9166500568389893, 1.0039501190185547, 1.0912501811981201, 1.1785500049591064, 1.2658500671386719, 1.3531501293182373, 1.4404501914978027, 1.5212500095367432, 1.6057499647140503, 1.690250039100647, 1.774749994277954, 1.8592499494552612, 1.943750023841858, 2.028249979019165, 2.1127500534057617, 2.1972498893737793, 2.281749963760376, 2.3662500381469727, 2.4507501125335693, 2.535249948501587, 2.6197500228881836, 2.7042500972747803, 2.788749933242798, 2.8732500076293945, 2.957750082015991, 3.2265000343322754, 3.4014999866485596, 3.5764999389648438, 3.751500129699707, 3.9260001182556152, 4.1020002365112305, 4.2769999504089355, 4.450500011444092, 4.626999855041504, 4.802499771118164, 5.039999961853027, 5.190999984741211]
----------------------------
tower ieta, eta =  ( 1.0 0.04365012049674988 )
-------------------
tower ieta, eta =  ( 2.0 0.13095006346702576 )
-------------------
tower ieta, eta =  ( 3.0 0.21825000643730164 )
-------------------
tower ieta, eta =  ( 4.0 0.30555006861686707 )
-------------------
tower ieta, eta =  ( 5.0 0.3928501307964325 )
-------------------
tower ieta, eta =  ( 6.0 0.4801500737667084 )
-------------------
tower ieta, eta =  ( 7.0 0.5674500465393066 )
-------------------
tower ieta, eta =  ( 8.0 0.6547501087188721 )
-------------------
tower ieta, eta =  ( 9.0 0.7420501708984375 )
-------------------
tower ieta, eta =  ( 10.0 0.8293502330780029 )
-------------------
tower ieta, eta =  ( 11.0 0.9166500568389893 )
-------------------
tower ieta, eta =  ( 12.0 1.0039501190185547 )
-------------------
tower ieta, eta =  ( 13.0 1.0912501811981201 )
-------------------
tower ieta, eta =  ( 14.0 1.1785500049591064 )
-------------------
tower ieta, eta =  ( 15.0 1.2658500671386719 )
-------------------
tower ieta, eta =  ( 16.0 1.3531501293182373 )
-------------------
tower ieta, eta =  ( 17.0 1.4404501914978027 )
-------------------
tower ieta, eta =  ( -98.0 1.5212500095367432 )
-------------------
tower ieta, eta =  ( -98.0 1.6057499647140503 )
-------------------
tower ieta, eta =  ( -98.0 1.690250039100647 )
-------------------
tower ieta, eta =  ( -98.0 1.774749994277954 )
-------------------
tower ieta, eta =  ( -98.0 1.8592499494552612 )
-------------------
tower ieta, eta =  ( -98.0 1.943750023841858 )
-------------------
tower ieta, eta =  ( -98.0 2.028249979019165 )
-------------------
tower ieta, eta =  ( -98.0 2.1127500534057617 )
-------------------
tower ieta, eta =  ( -98.0 2.1972498893737793 )
-------------------
tower ieta, eta =  ( -98.0 2.281749963760376 )
-------------------
tower ieta, eta =  ( -98.0 2.3662500381469727 )
-------------------
tower ieta, eta =  ( -98.0 2.4507501125335693 )
-------------------
tower ieta, eta =  ( -98.0 2.535249948501587 )
-------------------
tower ieta, eta =  ( -98.0 2.6197500228881836 )
-------------------
tower ieta, eta =  ( -98.0 2.7042500972747803 )
-------------------
tower ieta, eta =  ( -98.0 2.788749933242798 )
-------------------
tower ieta, eta =  ( -98.0 2.8732500076293945 )
-------------------
tower ieta, eta =  ( -98.0 2.957750082015991 )
-------------------
tower ieta, eta =  ( 30.0 3.2265000343322754 )
-------------------
tower ieta, eta =  ( 31.0 3.4014999866485596 )
-------------------
tower ieta, eta =  ( 32.0 3.5764999389648438 )
-------------------
tower ieta, eta =  ( 33.0 3.751500129699707 )
-------------------
tower ieta, eta =  ( 34.0 3.9260001182556152 )
-------------------
tower ieta, eta =  ( 35.0 4.1020002365112305 )
-------------------
tower ieta, eta =  ( 36.0 4.2769999504089355 )
-------------------
tower ieta, eta =  ( 37.0 4.450500011444092 )
-------------------
tower ieta, eta =  ( 38.0 4.626999855041504 )
-------------------
tower ieta, eta =  ( 39.0 4.802499771118164 )
-------------------
tower ieta, eta =  ( 40.0 5.039999961853027 )
-------------------
tower ieta, eta =  ( 41.0 5.190999984741211 )
-------------------


tower phi list:  [0.043633077293634415, 0.04363323003053665, 0.13089951872825623, 0.13089969754219055, 0.21816596388816833, 0.21816614270210266, 0.21816615760326385, 0.30543240904808044, 0.30543261766433716, 0.39269885420799255, 0.39269906282424927, 0.39269909262657166, 0.47996553778648376, 0.5672320127487183, 0.6544984579086304, 0.7417649030685425, 0.8290313482284546, 0.8290314078330994, 0.9162975549697876, 0.9162978529930115, 1.0035640001296997, 1.0035643577575684, 1.0908308029174805, 1.09083092212677, 1.1780972480773926, 1.1780973672866821, 1.2653636932373047, 1.2653638124465942, 1.3526301383972168, 1.3526302576065063, 1.439896583557129, 1.4398967027664185, 1.5271631479263306, 1.6144294738769531, 1.6144295930862427, 1.7016960382461548, 1.788962483406067, 1.876228928565979, 1.9634953737258911, 2.0507616996765137, 2.0507619380950928, 2.138028144836426, 2.138028383255005, 2.225294589996338, 2.225294828414917, 2.31256103515625, 2.312561273574829, 2.399827480316162, 2.399827718734741, 2.487093925476074, 2.4870941638946533, 2.5743603706359863, 2.5743606090545654, 2.6616268157958984, 2.6616270542144775, 2.7488932609558105, 2.7488934993743896, 2.8361597061157227, 2.8361599445343018, 2.9234261512756348, 2.923426389694214, 3.010692596435547, 3.010692834854126, 3.010693073272705, 3.097959041595459, 3.097959518432617]
----------------------------
tower iphi, phi =  ( 1.0 0.043633077293634415 )
-------------------
tower iphi, phi =  ( 1.0 0.04363323003053665 )
-------------------
tower iphi, phi =  ( 2.0 0.13089951872825623 )
-------------------
tower iphi, phi =  ( -98.0 0.13089969754219055 )
-------------------
tower iphi, phi =  ( 3.0 0.21816596388816833 )
-------------------
tower iphi, phi =  ( 3.0 0.21816614270210266 )
-------------------
tower iphi, phi =  ( -98.0 0.21816615760326385 )
-------------------
tower iphi, phi =  ( 4.0 0.30543240904808044 )
-------------------
tower iphi, phi =  ( -98.0 0.30543261766433716 )
-------------------
tower iphi, phi =  ( 5.0 0.39269885420799255 )
-------------------
tower iphi, phi =  ( 5.0 0.39269906282424927 )
-------------------
tower iphi, phi =  ( -98.0 0.39269909262657166 )
-------------------
tower iphi, phi =  ( -98.0 0.47996553778648376 )
-------------------
tower iphi, phi =  ( 7.0 0.5672320127487183 )
-------------------
tower iphi, phi =  ( -98.0 0.6544984579086304 )
-------------------
tower iphi, phi =  ( -98.0 0.7417649030685425 )
-------------------
tower iphi, phi =  ( 10.0 0.8290313482284546 )
-------------------
tower iphi, phi =  ( -98.0 0.8290314078330994 )
-------------------
tower iphi, phi =  ( 11.0 0.9162975549697876 )
-------------------
tower iphi, phi =  ( -98.0 0.9162978529930115 )
-------------------
tower iphi, phi =  ( 12.0 1.0035640001296997 )
-------------------
tower iphi, phi =  ( -98.0 1.0035643577575684 )
-------------------
tower iphi, phi =  ( -98.0 1.0908308029174805 )
-------------------
tower iphi, phi =  ( 13.0 1.09083092212677 )
-------------------
tower iphi, phi =  ( -98.0 1.1780972480773926 )
-------------------
tower iphi, phi =  ( 14.0 1.1780973672866821 )
-------------------
tower iphi, phi =  ( -98.0 1.2653636932373047 )
-------------------
tower iphi, phi =  ( 15.0 1.2653638124465942 )
-------------------
tower iphi, phi =  ( -98.0 1.3526301383972168 )
-------------------
tower iphi, phi =  ( 16.0 1.3526302576065063 )
-------------------
tower iphi, phi =  ( -98.0 1.439896583557129 )
-------------------
tower iphi, phi =  ( 17.0 1.4398967027664185 )
-------------------
tower iphi, phi =  ( -98.0 1.5271631479263306 )
-------------------
tower iphi, phi =  ( 19.0 1.6144294738769531 )
-------------------
tower iphi, phi =  ( -98.0 1.6144295930862427 )
-------------------
tower iphi, phi =  ( -98.0 1.7016960382461548 )
-------------------
tower iphi, phi =  ( -98.0 1.788962483406067 )
-------------------
tower iphi, phi =  ( -98.0 1.876228928565979 )
-------------------
tower iphi, phi =  ( -98.0 1.9634953737258911 )
-------------------
tower iphi, phi =  ( 24.0 2.0507616996765137 )
-------------------
tower iphi, phi =  ( -98.0 2.0507619380950928 )
-------------------
tower iphi, phi =  ( 25.0 2.138028144836426 )
-------------------
tower iphi, phi =  ( -98.0 2.138028383255005 )
-------------------
tower iphi, phi =  ( 26.0 2.225294589996338 )
-------------------
tower iphi, phi =  ( -98.0 2.225294828414917 )
-------------------
tower iphi, phi =  ( 27.0 2.31256103515625 )
-------------------
tower iphi, phi =  ( -98.0 2.312561273574829 )
-------------------
tower iphi, phi =  ( 28.0 2.399827480316162 )
-------------------
tower iphi, phi =  ( -98.0 2.399827718734741 )
-------------------
tower iphi, phi =  ( 29.0 2.487093925476074 )
-------------------
tower iphi, phi =  ( -98.0 2.4870941638946533 )
-------------------
tower iphi, phi =  ( 30.0 2.5743603706359863 )
-------------------
tower iphi, phi =  ( -98.0 2.5743606090545654 )
-------------------
tower iphi, phi =  ( 31.0 2.6616268157958984 )
-------------------
tower iphi, phi =  ( -98.0 2.6616270542144775 )
-------------------
tower iphi, phi =  ( 32.0 2.7488932609558105 )
-------------------
tower iphi, phi =  ( -98.0 2.7488934993743896 )
-------------------
tower iphi, phi =  ( 33.0 2.8361597061157227 )
-------------------
tower iphi, phi =  ( -98.0 2.8361599445343018 )
-------------------
tower iphi, phi =  ( 34.0 2.9234261512756348 )
-------------------
tower iphi, phi =  ( -98.0 2.923426389694214 )
-------------------
tower iphi, phi =  ( 35.0 3.010692596435547 )
-------------------
tower iphi, phi =  ( 35.0 3.010692834854126 )
-------------------
tower iphi, phi =  ( -98.0 3.010693073272705 )
-------------------
tower iphi, phi =  ( 36.0 3.097959041595459 )
-------------------
tower iphi, phi =  ( -98.0 3.097959518432617 )
-------------------
