Info in <TH1F::SaveAs>: ROOT file eff_and_rate_roots_jets/output_round2_minBias1x3_all_Phase-2.root has been created
Info in <TH1F::SaveAs>: ROOT file eff_and_rate_roots_jets/output_round2_minBias1x3_barrel_Phase-2.root has been created
Info in <TH1F::SaveAs>: ROOT file eff_and_rate_roots_jets/output_round2_minBias1x3_hgcal_Phase-2.root has been created
Info in <TH1F::SaveAs>: ROOT file eff_and_rate_roots_jets/output_round2_minBias1x3_hf_Phase-2.root has been created
Info in <TCanvas::Print>: pdf file /afs/hep.wisc.edu/home/vshang/public/Phase2L1CaloTaus/CMSSW_12_5_2_patch1/src/L1Trigger/L1EGRateStudies/test/rates/CMSSW_12_5_2_patch1/jets/20230913/output_round2_minBias1x3/output_round2_minBias1x3_jetEt_rate_phase2_All.pdf has been created
Name: /afs/hep.wisc.edu/home/vshang/public/Phase2L1CaloTaus/CMSSW_12_5_2_patch1/src/L1Trigger/L1EGRateStudies/test/crab/l1CaloJets_r2_CMSSW_12_5_2_patch1/20230913/output_round2_minBias1x3.root Title: 
Name: /afs/hep.wisc.edu/home/vshang/public/Phase2L1CaloTaus/CMSSW_12_5_2_patch1/src/L1Trigger/L1EGRateStudies/test/crab/l1CaloJets_r2_CMSSW_12_5_2_patch1/20230913/output_round2_minBias1x3.root Title: 
Making rate for x_var jetEt,
 x_var_calib 1.000000,
 eta_var jetEta,
 eta_min 0.00,
 eta_max 6.00,
 wp 
100000
200000
300000
400000
500000
600000
700000
800000
900000
1000000
1100000
1200000
1300000
1400000
1500000
1600000
1700000
1800000
1900000
2000000
2100000
2200000
2300000
2400000
2500000
2600000
2700000
2800000
2900000
3000000
Making rate for x_var jetEt,
 x_var_calib 1.000000,
 eta_var jetEta,
 eta_min 0.00,
 eta_max 1.50,
 wp 
100000
200000
300000
400000
500000
600000
700000
800000
900000
1000000
1100000
1200000
1300000
1400000
1500000
1600000
1700000
1800000
1900000
2000000
2100000
2200000
2300000
2400000
2500000
2600000
2700000
2800000
2900000
3000000
Making rate for x_var jetEt,
 x_var_calib 1.000000,
 eta_var jetEta,
 eta_min 1.50,
 eta_max 3.00,
 wp 
100000
200000
300000
400000
500000
600000
700000
800000
900000
1000000
1100000
1200000
1300000
1400000
1500000
1600000
1700000
1800000
1900000
2000000
2100000
2200000
2300000
2400000
2500000
2600000
2700000
2800000
2900000
3000000
Making rate for x_var jetEt,
 x_var_calib 1.000000,
 eta_var jetEta,
 eta_min 3.00,
 eta_max 6.00,
 wp 
100000
200000
300000
400000
500000
600000
700000
800000
900000
1000000
1100000
1200000
1300000
1400000
1500000
1600000
1700000
1800000
1900000
2000000
2100000
2200000
2300000
2400000
2500000
2600000
2700000
2800000
2900000
3000000
Phase-2 ['Jet', 0] all
Name: eff_and_rate_roots_jets/output_round2_minBias1x3_all_Phase-2.root Title: 
Phase-2 ['Jet', 0] barrel
Name: eff_and_rate_roots_jets/output_round2_minBias1x3_barrel_Phase-2.root Title: 
Phase-2 ['Jet', 0] hgcal
Name: eff_and_rate_roots_jets/output_round2_minBias1x3_hgcal_Phase-2.root Title: 
Phase-2 ['Jet', 0] hf
Name: eff_and_rate_roots_jets/output_round2_minBias1x3_hf_Phase-2.root Title: 
Name: Phase-2 Jet, all Title: Phase-2 Jet, all NbinsX: 100
