Info in <TCanvas::Print>: pdf file /afs/hep.wisc.edu/home/vshang/public/Phase2L1CaloTaus/CMSSW_12_3_0_pre4/src/L1Trigger/L1EGRateStudies/test/efficiencies/20230207/output_round2_HiggsTauTau_recalibratedIsoTau/output_round2_HiggsTauTau_recalibratedIsoTau_Calib_ptThreshold32_ptEff.pdf has been created
