TGraphAsymmErrors::Divide:0: RuntimeWarning: Number of graph points is different than histogram bins - 30 points have been skipped
TGraphAsymmErrors::Divide:0: RuntimeWarning: Number of graph points is different than histogram bins - 30 points have been skipped
TGraphAsymmErrors::Divide:0: RuntimeWarning: Number of graph points is different than histogram bins - 30 points have been skipped
TGraphAsymmErrors::Divide:0: RuntimeWarning: Number of graph points is different than histogram bins - 30 points have been skipped
Info in <TCanvas::Print>: pdf file /afs/hep.wisc.edu/home/vshang/public/Phase2L1CaloTaus/CMSSW_12_3_0_pre4/src/L1Trigger/L1EGRateStudies/test/efficiencies/20230207/output_round2_HiggsTauTau_recalibratedIsoTau/output_round2_HiggsTauTau_recalibratedIsoTau_Calib_ptThreshold32_etaEff_ptDenom40.pdf has been created
