Info in <TH1F::SaveAs>: ROOT file eff_and_rate_roots/output_round2_minBias_recalibratedIsoTau_all_Phase-2.root has been created
Info in <TH1F::SaveAs>: ROOT file eff_and_rate_roots/output_round2_minBias_recalibratedIsoTau_all_Phase-2_iso.root has been created
Info in <TH1F::SaveAs>: ROOT file eff_and_rate_roots/output_round2_minBias_recalibratedIsoTau_all_Stage-2.root has been created
Info in <TH1F::SaveAs>: ROOT file eff_and_rate_roots/output_round2_minBias_recalibratedIsoTau_barrel_Phase-2.root has been created
Info in <TH1F::SaveAs>: ROOT file eff_and_rate_roots/output_round2_minBias_recalibratedIsoTau_barrel_Phase-2_iso.root has been created
Info in <TH1F::SaveAs>: ROOT file eff_and_rate_roots/output_round2_minBias_recalibratedIsoTau_barrel_Stage-2.root has been created
Info in <TCanvas::Print>: png file /afs/hep.wisc.edu/home/vshang/public/Phase2L1CaloTaus/CMSSW_12_3_0_pre4/src/L1Trigger/L1EGRateStudies/test/rates/20230207/output_round2_minBias_recalibratedIsoTau/output_round2_minBias_recalibratedIsoTau_Calib_rate_barrel.png has been created
Info in <TCanvas::Print>: png file /afs/hep.wisc.edu/home/vshang/public/Phase2L1CaloTaus/CMSSW_12_3_0_pre4/src/L1Trigger/L1EGRateStudies/test/rates/20230207/output_round2_minBias_recalibratedIsoTau/output_round2_minBias_recalibratedIsoTau_Calib_rate_nominal.png has been created
Info in <TCanvas::Print>: png file /afs/hep.wisc.edu/home/vshang/public/Phase2L1CaloTaus/CMSSW_12_3_0_pre4/src/L1Trigger/L1EGRateStudies/test/rates/20230207/output_round2_minBias_recalibratedIsoTau/output_round2_minBias_recalibratedIsoTau_Calib_rate_phase2_All.png has been created
Name: /afs/hep.wisc.edu/home/vshang/public/Phase2L1CaloTaus/CMSSW_12_3_0_pre4/src/L1Trigger/L1EGRateStudies/test/crab/l1CaloJets_20230207_r2_recalibratedIsoTau/output_round2_minBias_recalibratedIsoTau.root Title: 
Name: /afs/hep.wisc.edu/home/vshang/public/Phase2L1CaloTaus/CMSSW_12_3_0_pre4/src/L1Trigger/L1EGRateStudies/test/crab/l1CaloJets_20230207_r2_recalibratedIsoTau/output_round2_minBias_recalibratedIsoTau.root Title: 
Making rate for x_var tau_pt,
 x_var_calib 1.000000,
 eta_var jet_eta,
 eta_min 0.00,
 eta_max 2.80,
 wp 
100000
200000
300000
400000
500000
600000
700000
800000
900000
1000000
1100000
1200000
1300000
1400000
1500000
1600000
1700000
1800000
1900000
2000000
2100000
2200000
2300000
2400000
2500000
2600000
2700000
2800000
2900000
3000000
3100000
3200000
3300000
3400000
3500000
3600000
3700000
3800000
3900000
4000000
4100000
4200000
4300000
4400000
4500000
4600000
4700000
4800000
4900000
5000000
Making rate for x_var tau_pt,
 x_var_calib 1.000000,
 eta_var jet_eta,
 eta_min 0.00,
 eta_max 2.80,
 wp loose_iso_tau_wp
100000
200000
300000
400000
500000
600000
700000
800000
900000
1000000
1100000
1200000
1300000
1400000
1500000
1600000
1700000
1800000
1900000
2000000
2100000
2200000
2300000
2400000
2500000
2600000
2700000
2800000
2900000
3000000
3100000
3200000
3300000
3400000
3500000
3600000
3700000
3800000
3900000
4000000
4100000
4200000
4300000
4400000
4500000
4600000
4700000
4800000
4900000
5000000
Making rate for x_var stage2tau_pt,
 x_var_calib 1.000000,
 eta_var stage2tau_eta,
 eta_min 0.00,
 eta_max 2.80,
 wp 
100000
200000
300000
400000
500000
600000
700000
800000
900000
1000000
1100000
1200000
1300000
1400000
1500000
1600000
1700000
1800000
1900000
2000000
2100000
2200000
2300000
2400000
2500000
2600000
2700000
2800000
2900000
3000000
3100000
3200000
3300000
3400000
3500000
3600000
3700000
3800000
3900000
4000000
4100000
4200000
4300000
4400000
4500000
4600000
4700000
4800000
4900000
5000000
Making rate for x_var tau_pt,
 x_var_calib 1.000000,
 eta_var jet_eta,
 eta_min 0.00,
 eta_max 1.50,
 wp 
100000
200000
300000
400000
500000
600000
700000
800000
900000
1000000
1100000
1200000
1300000
1400000
1500000
1600000
1700000
1800000
1900000
2000000
2100000
2200000
2300000
2400000
2500000
2600000
2700000
2800000
2900000
3000000
3100000
3200000
3300000
3400000
3500000
3600000
3700000
3800000
3900000
4000000
4100000
4200000
4300000
4400000
4500000
4600000
4700000
4800000
4900000
5000000
Making rate for x_var tau_pt,
 x_var_calib 1.000000,
 eta_var jet_eta,
 eta_min 0.00,
 eta_max 1.50,
 wp loose_iso_tau_wp
100000
200000
300000
400000
500000
600000
700000
800000
900000
1000000
1100000
1200000
1300000
1400000
1500000
1600000
1700000
1800000
1900000
2000000
2100000
2200000
2300000
2400000
2500000
2600000
2700000
2800000
2900000
3000000
3100000
3200000
3300000
3400000
3500000
3600000
3700000
3800000
3900000
4000000
4100000
4200000
4300000
4400000
4500000
4600000
4700000
4800000
4900000
5000000
Making rate for x_var stage2tau_pt,
 x_var_calib 1.000000,
 eta_var stage2tau_eta,
 eta_min 0.00,
 eta_max 1.50,
 wp 
100000
200000
300000
400000
500000
600000
700000
800000
900000
1000000
1100000
1200000
1300000
1400000
1500000
1600000
1700000
1800000
1900000
2000000
2100000
2200000
2300000
2400000
2500000
2600000
2700000
2800000
2900000
3000000
3100000
3200000
3300000
3400000
3500000
3600000
3700000
3800000
3900000
4000000
4100000
4200000
4300000
4400000
4500000
4600000
4700000
4800000
4900000
5000000
Phase-2 ['Tau', 0] all
Phase-2 ['Tau', 0] barrel
Name: eff_and_rate_roots/output_round2_minBias_recalibratedIsoTau_barrel_Phase-2.root Title: 
Stage-2 ['Tau', 2] all
Stage-2 ['Tau', 2] barrel
Name: eff_and_rate_roots/output_round2_minBias_recalibratedIsoTau_barrel_Stage-2.root Title: 
Name: Phase-2 Tau, barrel Title: Phase-2 Tau, barrel NbinsX: 100
Phase-2 ['Tau', 0] all
Name: eff_and_rate_roots/output_round2_minBias_recalibratedIsoTau_all_Phase-2.root Title: 
Phase-2 ['Tau', 0] barrel
Name: eff_and_rate_roots/output_round2_minBias_recalibratedIsoTau_barrel_Phase-2.root Title: 
Stage-2 ['Tau', 2] all
Name: eff_and_rate_roots/output_round2_minBias_recalibratedIsoTau_all_Stage-2.root Title: 
Stage-2 ['Tau', 2] barrel
Name: eff_and_rate_roots/output_round2_minBias_recalibratedIsoTau_barrel_Stage-2.root Title: 
Name: Phase-2 Tau, all Title: Phase-2 Tau, all NbinsX: 100
Phase-2 ['Tau', 0] all
Name: eff_and_rate_roots/output_round2_minBias_recalibratedIsoTau_all_Phase-2.root Title: 
Phase-2 ['Tau', 0] barrel
Name: eff_and_rate_roots/output_round2_minBias_recalibratedIsoTau_barrel_Phase-2.root Title: 
Phase-2_iso ['IsoTau', 2] all
Name: eff_and_rate_roots/output_round2_minBias_recalibratedIsoTau_all_Phase-2_iso.root Title: 
Phase-2_iso ['IsoTau', 2] barrel
Name: eff_and_rate_roots/output_round2_minBias_recalibratedIsoTau_barrel_Phase-2_iso.root Title: 
Name: Phase-2 Tau, all Title: Phase-2 Tau, all NbinsX: 100
