Info in <TH1F::SaveAs>: ROOT file eff_and_rate_roots_jets/output_round2_minBias_Pallabi_all_Phase-2.root has been created
Info in <TH1F::SaveAs>: ROOT file eff_and_rate_roots_jets/output_round2_minBias_Pallabi_barrel_Phase-2.root has been created
Info in <TH1F::SaveAs>: ROOT file eff_and_rate_roots_jets/output_round2_minBias_Pallabi_hgcal_Phase-2.root has been created
Info in <TH1F::SaveAs>: ROOT file eff_and_rate_roots_jets/output_round2_minBias_Pallabi_hf_Phase-2.root has been created
Info in <TCanvas::Print>: png file /afs/hep.wisc.edu/home/vshang/public/Phase2L1CaloTaus/CMSSW_12_5_2_patch1/src/L1Trigger/L1EGRateStudies/test/rates/CMSSW_12_5_2_patch1/jets/20230511/output_round2_minBias_Pallabi/output_round2_minBias_Pallabi_Calib_rate_phase2_All.png has been created
Name: /afs/hep.wisc.edu/home/vshang/public/Phase2L1CaloTaus/CMSSW_12_5_2_patch1/src/L1Trigger/L1EGRateStudies/test/crab/l1CaloJets_r2_CMSSW_12_5_2_patch1/20230511/output_round2_minBias_Pallabi.root Title: 
Name: /afs/hep.wisc.edu/home/vshang/public/Phase2L1CaloTaus/CMSSW_12_5_2_patch1/src/L1Trigger/L1EGRateStudies/test/crab/l1CaloJets_r2_CMSSW_12_5_2_patch1/20230511/output_round2_minBias_Pallabi.root Title: 
Making rate for x_var jetEt,
 x_var_calib 1.000000,
 eta_var jetEta,
 eta_min 0.00,
 eta_max 2.80,
 wp 
100000
200000
300000
400000
500000
600000
700000
800000
900000
1000000
1100000
1200000
1300000
1400000
1500000
1600000
1700000
1800000
1900000
2000000
2100000
2200000
2300000
2400000
2500000
2600000
2700000
2800000
2900000
3000000
3100000
3200000
3300000
3400000
3500000
3600000
3700000
3800000
3900000
4000000
4100000
4200000
4300000
4400000
4500000
4600000
Making rate for x_var jetEt,
 x_var_calib 1.000000,
 eta_var jetEta,
 eta_min 0.00,
 eta_max 1.50,
 wp 
100000
200000
300000
400000
500000
600000
700000
800000
900000
1000000
1100000
1200000
1300000
1400000
1500000
1600000
1700000
1800000
1900000
2000000
2100000
2200000
2300000
2400000
2500000
2600000
2700000
2800000
2900000
3000000
3100000
3200000
3300000
3400000
3500000
3600000
3700000
3800000
3900000
4000000
4100000
4200000
4300000
4400000
4500000
4600000
Making rate for x_var jetEt,
 x_var_calib 1.000000,
 eta_var jetEta,
 eta_min 1.50,
 eta_max 3.00,
 wp 
100000
200000
300000
400000
500000
600000
700000
800000
900000
1000000
1100000
1200000
1300000
1400000
1500000
1600000
1700000
1800000
1900000
2000000
2100000
2200000
2300000
2400000
2500000
2600000
2700000
2800000
2900000
3000000
3100000
3200000
3300000
3400000
3500000
3600000
3700000
3800000
3900000
4000000
4100000
4200000
4300000
4400000
4500000
4600000
Making rate for x_var jetEt,
 x_var_calib 1.000000,
 eta_var jetEta,
 eta_min 3.00,
 eta_max 6.00,
 wp 
100000
200000
300000
400000
500000
600000
700000
800000
900000
1000000
1100000
1200000
1300000
1400000
1500000
1600000
1700000
1800000
1900000
2000000
2100000
2200000
2300000
2400000
2500000
2600000
2700000
2800000
2900000
3000000
3100000
3200000
3300000
3400000
3500000
3600000
3700000
3800000
3900000
4000000
4100000
4200000
4300000
4400000
4500000
4600000
Phase-2 ['Jet', 0] all
Name: eff_and_rate_roots_jets/output_round2_minBias_Pallabi_all_Phase-2.root Title: 
Phase-2 ['Jet', 0] barrel
Name: eff_and_rate_roots_jets/output_round2_minBias_Pallabi_barrel_Phase-2.root Title: 
Phase-2 ['Jet', 0] hgcal
Name: eff_and_rate_roots_jets/output_round2_minBias_Pallabi_hgcal_Phase-2.root Title: 
Phase-2 ['Jet', 0] hf
Name: eff_and_rate_roots_jets/output_round2_minBias_Pallabi_hf_Phase-2.root Title: 
Name: Phase-2 Jet, all Title: Phase-2 Jet, all NbinsX: 100
