/afs/hep.wisc.edu/user/vshang/public/Phase2L1CaloTaus/CMSSW_12_3_0_pre4/src/L1Trigger/L1EGRateStudies/test/Round2Files/QCD.txt


Target Files: QCD
Loaded Files:
cms.untracked.vstring(
    'file:/hdfs/store/user/vshang/QCD_Pt-15to3000_TuneCP5_Flat_14TeV-pythia8/20230206_QCD-PU200_r1_CMSSW_12_3_0_pre4/230206_171450/0000/output_round1_10.root',
    'file:/hdfs/store/user/vshang/QCD_Pt-15to3000_TuneCP5_Flat_14TeV-pythia8/20230206_QCD-PU200_r1_CMSSW_12_3_0_pre4/230206_171450/0000/output_round1_11.root',
    'file:/hdfs/store/user/vshang/QCD_Pt-15to3000_TuneCP5_Flat_14TeV-pythia8/20230206_QCD-PU200_r1_CMSSW_12_3_0_pre4/230206_171450/0000/output_round1_12.root',
    'file:/hdfs/store/user/vshang/QCD_Pt-15to3000_TuneCP5_Flat_14TeV-pythia8/20230206_QCD-PU200_r1_CMSSW_12_3_0_pre4/230206_171450/0000/output_round1_13.root',
    'file:/hdfs/store/user/vshang/QCD_Pt-15to3000_TuneCP5_Flat_14TeV-pythia8/20230206_QCD-PU200_r1_CMSSW_12_3_0_pre4/230206_171450/0000/output_round1_14.root',
    'file:/hdfs/store/user/vshang/QCD_Pt-15to3000_TuneCP5_Flat_14TeV-pythia8/20230206_QCD-PU200_r1_CMSSW_12_3_0_pre4/230206_171450/0000/output_round1_15.root',
    'file:/hdfs/store/user/vshang/QCD_Pt-15to3000_TuneCP5_Flat_14TeV-pythia8/20230206_QCD-PU200_r1_CMSSW_12_3_0_pre4/230206_171450/0000/output_round1_16.root',
    'file:/hdfs/store/user/vshang/QCD_Pt-15to3000_TuneCP5_Flat_14TeV-pythia8/20230206_QCD-PU200_r1_CMSSW_12_3_0_pre4/230206_171450/0000/output_round1_17.root',
    'file:/hdfs/store/user/vshang/QCD_Pt-15to3000_TuneCP5_Flat_14TeV-pythia8/20230206_QCD-PU200_r1_CMSSW_12_3_0_pre4/230206_171450/0000/output_round1_18.root',
    'file:/hdfs/store/user/vshang/QCD_Pt-15to3000_TuneCP5_Flat_14TeV-pythia8/20230206_QCD-PU200_r1_CMSSW_12_3_0_pre4/230206_171450/0000/output_round1_19.root',
    'file:/hdfs/store/user/vshang/QCD_Pt-15to3000_TuneCP5_Flat_14TeV-pythia8/20230206_QCD-PU200_r1_CMSSW_12_3_0_pre4/230206_171450/0000/output_round1_1.root',
    'file:/hdfs/store/user/vshang/QCD_Pt-15to3000_TuneCP5_Flat_14TeV-pythia8/20230206_QCD-PU200_r1_CMSSW_12_3_0_pre4/230206_171450/0000/output_round1_20.root',
    'file:/hdfs/store/user/vshang/QCD_Pt-15to3000_TuneCP5_Flat_14TeV-pythia8/20230206_QCD-PU200_r1_CMSSW_12_3_0_pre4/230206_171450/0000/output_round1_21.root',
    'file:/hdfs/store/user/vshang/QCD_Pt-15to3000_TuneCP5_Flat_14TeV-pythia8/20230206_QCD-PU200_r1_CMSSW_12_3_0_pre4/230206_171450/0000/output_round1_22.root',
    'file:/hdfs/store/user/vshang/QCD_Pt-15to3000_TuneCP5_Flat_14TeV-pythia8/20230206_QCD-PU200_r1_CMSSW_12_3_0_pre4/230206_171450/0000/output_round1_23.root',
    'file:/hdfs/store/user/vshang/QCD_Pt-15to3000_TuneCP5_Flat_14TeV-pythia8/20230206_QCD-PU200_r1_CMSSW_12_3_0_pre4/230206_171450/0000/output_round1_24.root',
    'file:/hdfs/store/user/vshang/QCD_Pt-15to3000_TuneCP5_Flat_14TeV-pythia8/20230206_QCD-PU200_r1_CMSSW_12_3_0_pre4/230206_171450/0000/output_round1_25.root',
    'file:/hdfs/store/user/vshang/QCD_Pt-15to3000_TuneCP5_Flat_14TeV-pythia8/20230206_QCD-PU200_r1_CMSSW_12_3_0_pre4/230206_171450/0000/output_round1_26.root',
    'file:/hdfs/store/user/vshang/QCD_Pt-15to3000_TuneCP5_Flat_14TeV-pythia8/20230206_QCD-PU200_r1_CMSSW_12_3_0_pre4/230206_171450/0000/output_round1_27.root',
    'file:/hdfs/store/user/vshang/QCD_Pt-15to3000_TuneCP5_Flat_14TeV-pythia8/20230206_QCD-PU200_r1_CMSSW_12_3_0_pre4/230206_171450/0000/output_round1_28.root',
    'file:/hdfs/store/user/vshang/QCD_Pt-15to3000_TuneCP5_Flat_14TeV-pythia8/20230206_QCD-PU200_r1_CMSSW_12_3_0_pre4/230206_171450/0000/output_round1_29.root',
    'file:/hdfs/store/user/vshang/QCD_Pt-15to3000_TuneCP5_Flat_14TeV-pythia8/20230206_QCD-PU200_r1_CMSSW_12_3_0_pre4/230206_171450/0000/output_round1_2.root',
    'file:/hdfs/store/user/vshang/QCD_Pt-15to3000_TuneCP5_Flat_14TeV-pythia8/20230206_QCD-PU200_r1_CMSSW_12_3_0_pre4/230206_171450/0000/output_round1_30.root',
    'file:/hdfs/store/user/vshang/QCD_Pt-15to3000_TuneCP5_Flat_14TeV-pythia8/20230206_QCD-PU200_r1_CMSSW_12_3_0_pre4/230206_171450/0000/output_round1_31.root',
    'file:/hdfs/store/user/vshang/QCD_Pt-15to3000_TuneCP5_Flat_14TeV-pythia8/20230206_QCD-PU200_r1_CMSSW_12_3_0_pre4/230206_171450/0000/output_round1_32.root',
    'file:/hdfs/store/user/vshang/QCD_Pt-15to3000_TuneCP5_Flat_14TeV-pythia8/20230206_QCD-PU200_r1_CMSSW_12_3_0_pre4/230206_171450/0000/output_round1_33.root',
    'file:/hdfs/store/user/vshang/QCD_Pt-15to3000_TuneCP5_Flat_14TeV-pythia8/20230206_QCD-PU200_r1_CMSSW_12_3_0_pre4/230206_171450/0000/output_round1_34.root',
    'file:/hdfs/store/user/vshang/QCD_Pt-15to3000_TuneCP5_Flat_14TeV-pythia8/20230206_QCD-PU200_r1_CMSSW_12_3_0_pre4/230206_171450/0000/output_round1_35.root',
    'file:/hdfs/store/user/vshang/QCD_Pt-15to3000_TuneCP5_Flat_14TeV-pythia8/20230206_QCD-PU200_r1_CMSSW_12_3_0_pre4/230206_171450/0000/output_round1_36.root',
    'file:/hdfs/store/user/vshang/QCD_Pt-15to3000_TuneCP5_Flat_14TeV-pythia8/20230206_QCD-PU200_r1_CMSSW_12_3_0_pre4/230206_171450/0000/output_round1_37.root',
    'file:/hdfs/store/user/vshang/QCD_Pt-15to3000_TuneCP5_Flat_14TeV-pythia8/20230206_QCD-PU200_r1_CMSSW_12_3_0_pre4/230206_171450/0000/output_round1_38.root',
    'file:/hdfs/store/user/vshang/QCD_Pt-15to3000_TuneCP5_Flat_14TeV-pythia8/20230206_QCD-PU200_r1_CMSSW_12_3_0_pre4/230206_171450/0000/output_round1_39.root',
    'file:/hdfs/store/user/vshang/QCD_Pt-15to3000_TuneCP5_Flat_14TeV-pythia8/20230206_QCD-PU200_r1_CMSSW_12_3_0_pre4/230206_171450/0000/output_round1_3.root',
    'file:/hdfs/store/user/vshang/QCD_Pt-15to3000_TuneCP5_Flat_14TeV-pythia8/20230206_QCD-PU200_r1_CMSSW_12_3_0_pre4/230206_171450/0000/output_round1_40.root',
    'file:/hdfs/store/user/vshang/QCD_Pt-15to3000_TuneCP5_Flat_14TeV-pythia8/20230206_QCD-PU200_r1_CMSSW_12_3_0_pre4/230206_171450/0000/output_round1_41.root',
    'file:/hdfs/store/user/vshang/QCD_Pt-15to3000_TuneCP5_Flat_14TeV-pythia8/20230206_QCD-PU200_r1_CMSSW_12_3_0_pre4/230206_171450/0000/output_round1_42.root',
    'file:/hdfs/store/user/vshang/QCD_Pt-15to3000_TuneCP5_Flat_14TeV-pythia8/20230206_QCD-PU200_r1_CMSSW_12_3_0_pre4/230206_171450/0000/output_round1_43.root',
    'file:/hdfs/store/user/vshang/QCD_Pt-15to3000_TuneCP5_Flat_14TeV-pythia8/20230206_QCD-PU200_r1_CMSSW_12_3_0_pre4/230206_171450/0000/output_round1_44.root',
    'file:/hdfs/store/user/vshang/QCD_Pt-15to3000_TuneCP5_Flat_14TeV-pythia8/20230206_QCD-PU200_r1_CMSSW_12_3_0_pre4/230206_171450/0000/output_round1_45.root',
    'file:/hdfs/store/user/vshang/QCD_Pt-15to3000_TuneCP5_Flat_14TeV-pythia8/20230206_QCD-PU200_r1_CMSSW_12_3_0_pre4/230206_171450/0000/output_round1_46.root',
    'file:/hdfs/store/user/vshang/QCD_Pt-15to3000_TuneCP5_Flat_14TeV-pythia8/20230206_QCD-PU200_r1_CMSSW_12_3_0_pre4/230206_171450/0000/output_round1_47.root',
    'file:/hdfs/store/user/vshang/QCD_Pt-15to3000_TuneCP5_Flat_14TeV-pythia8/20230206_QCD-PU200_r1_CMSSW_12_3_0_pre4/230206_171450/0000/output_round1_48.root',
    'file:/hdfs/store/user/vshang/QCD_Pt-15to3000_TuneCP5_Flat_14TeV-pythia8/20230206_QCD-PU200_r1_CMSSW_12_3_0_pre4/230206_171450/0000/output_round1_49.root',
    'file:/hdfs/store/user/vshang/QCD_Pt-15to3000_TuneCP5_Flat_14TeV-pythia8/20230206_QCD-PU200_r1_CMSSW_12_3_0_pre4/230206_171450/0000/output_round1_4.root',
    'file:/hdfs/store/user/vshang/QCD_Pt-15to3000_TuneCP5_Flat_14TeV-pythia8/20230206_QCD-PU200_r1_CMSSW_12_3_0_pre4/230206_171450/0000/output_round1_50.root',
    'file:/hdfs/store/user/vshang/QCD_Pt-15to3000_TuneCP5_Flat_14TeV-pythia8/20230206_QCD-PU200_r1_CMSSW_12_3_0_pre4/230206_171450/0000/output_round1_51.root',
    'file:/hdfs/store/user/vshang/QCD_Pt-15to3000_TuneCP5_Flat_14TeV-pythia8/20230206_QCD-PU200_r1_CMSSW_12_3_0_pre4/230206_171450/0000/output_round1_52.root',
    'file:/hdfs/store/user/vshang/QCD_Pt-15to3000_TuneCP5_Flat_14TeV-pythia8/20230206_QCD-PU200_r1_CMSSW_12_3_0_pre4/230206_171450/0000/output_round1_53.root',
    'file:/hdfs/store/user/vshang/QCD_Pt-15to3000_TuneCP5_Flat_14TeV-pythia8/20230206_QCD-PU200_r1_CMSSW_12_3_0_pre4/230206_171450/0000/output_round1_54.root',
    'file:/hdfs/store/user/vshang/QCD_Pt-15to3000_TuneCP5_Flat_14TeV-pythia8/20230206_QCD-PU200_r1_CMSSW_12_3_0_pre4/230206_171450/0000/output_round1_55.root',
    'file:/hdfs/store/user/vshang/QCD_Pt-15to3000_TuneCP5_Flat_14TeV-pythia8/20230206_QCD-PU200_r1_CMSSW_12_3_0_pre4/230206_171450/0000/output_round1_56.root',
    'file:/hdfs/store/user/vshang/QCD_Pt-15to3000_TuneCP5_Flat_14TeV-pythia8/20230206_QCD-PU200_r1_CMSSW_12_3_0_pre4/230206_171450/0000/output_round1_57.root',
    'file:/hdfs/store/user/vshang/QCD_Pt-15to3000_TuneCP5_Flat_14TeV-pythia8/20230206_QCD-PU200_r1_CMSSW_12_3_0_pre4/230206_171450/0000/output_round1_58.root',
    'file:/hdfs/store/user/vshang/QCD_Pt-15to3000_TuneCP5_Flat_14TeV-pythia8/20230206_QCD-PU200_r1_CMSSW_12_3_0_pre4/230206_171450/0000/output_round1_59.root',
    'file:/hdfs/store/user/vshang/QCD_Pt-15to3000_TuneCP5_Flat_14TeV-pythia8/20230206_QCD-PU200_r1_CMSSW_12_3_0_pre4/230206_171450/0000/output_round1_5.root',
    'file:/hdfs/store/user/vshang/QCD_Pt-15to3000_TuneCP5_Flat_14TeV-pythia8/20230206_QCD-PU200_r1_CMSSW_12_3_0_pre4/230206_171450/0000/output_round1_60.root',
    'file:/hdfs/store/user/vshang/QCD_Pt-15to3000_TuneCP5_Flat_14TeV-pythia8/20230206_QCD-PU200_r1_CMSSW_12_3_0_pre4/230206_171450/0000/output_round1_61.root',
    'file:/hdfs/store/user/vshang/QCD_Pt-15to3000_TuneCP5_Flat_14TeV-pythia8/20230206_QCD-PU200_r1_CMSSW_12_3_0_pre4/230206_171450/0000/output_round1_62.root',
    'file:/hdfs/store/user/vshang/QCD_Pt-15to3000_TuneCP5_Flat_14TeV-pythia8/20230206_QCD-PU200_r1_CMSSW_12_3_0_pre4/230206_171450/0000/output_round1_6.root',
    'file:/hdfs/store/user/vshang/QCD_Pt-15to3000_TuneCP5_Flat_14TeV-pythia8/20230206_QCD-PU200_r1_CMSSW_12_3_0_pre4/230206_171450/0000/output_round1_7.root',
    'file:/hdfs/store/user/vshang/QCD_Pt-15to3000_TuneCP5_Flat_14TeV-pythia8/20230206_QCD-PU200_r1_CMSSW_12_3_0_pre4/230206_171450/0000/output_round1_8.root',
    'file:/hdfs/store/user/vshang/QCD_Pt-15to3000_TuneCP5_Flat_14TeV-pythia8/20230206_QCD-PU200_r1_CMSSW_12_3_0_pre4/230206_171450/0000/output_round1_9.root'
)



