
****************************************
Minimizer is Minuit / Migrad
Chi2                      =     0.091756
NDf                       =           35
Edm                       =  1.24492e-06
NCalls                    =          486
y rise                    =      1.50875   +/-   0.0402244   
linear                    = -0.000500539   +/-   0.000163646 
scale                     =      1.05449   +/-   0.117879    
decay                     =    0.0412779   +/-   0.00874862  
Info in <TCanvas::Print>: png file /afs/hep.wisc.edu/home/vshang/public/Phase2L1CaloTaus/Pallabi/CMSSW_13_2_0/src/L1Trigger/L1EGRateStudies/test/crab20231203output_round2_QCDVxy1/jetEt_Calibrations_absEta0p0_to_0p3.png has been created

****************************************
Minimizer is Minuit / Migrad
Chi2                      =    0.0601348
NDf                       =           35
Edm                       =  1.16436e-07
NCalls                    =          518
y rise                    =      1.52213   +/-   0.014012    
linear                    = -0.000716752   +/-   7.64496e-05 
scale                     =      4.63163   +/-   0.876124    
decay                     =     0.151046   +/-   0.0147463   
Info in <TCanvas::Print>: png file /afs/hep.wisc.edu/home/vshang/public/Phase2L1CaloTaus/Pallabi/CMSSW_13_2_0/src/L1Trigger/L1EGRateStudies/test/crab20231203output_round2_QCDVxy1/jetEt_Calibrations_absEta0p3_to_0p6.png has been created

****************************************
Minimizer is Minuit / Migrad
Chi2                      =    0.0896133
NDf                       =           35
Edm                       =  5.45972e-08
NCalls                    =          489
y rise                    =      1.49107   +/-   0.0172162   
linear                    = -0.000731199   +/-   9.36975e-05 
scale                     =       5.2646   +/-   1.08585     
decay                     =     0.150806   +/-   0.0160914   
Info in <TCanvas::Print>: png file /afs/hep.wisc.edu/home/vshang/public/Phase2L1CaloTaus/Pallabi/CMSSW_13_2_0/src/L1Trigger/L1EGRateStudies/test/crab20231203output_round2_QCDVxy1/jetEt_Calibrations_absEta0p6_to_1p0.png has been created

****************************************
Minimizer is Minuit / Migrad
Chi2                      =     0.251465
NDf                       =           35
Edm                       =   2.5292e-09
NCalls                    =          432
y rise                    =      1.90778   +/-   0.0422631   
linear                    =  -0.00143976   +/-   0.000197955 
scale                     =      2.27578   +/-   0.327885    
decay                     =    0.0625814   +/-   0.0101762   
Info in <TCanvas::Print>: png file /afs/hep.wisc.edu/home/vshang/public/Phase2L1CaloTaus/Pallabi/CMSSW_13_2_0/src/L1Trigger/L1EGRateStudies/test/crab20231203output_round2_QCDVxy1/jetEt_Calibrations_absEta1p0_to_1p5.png has been created

****************************************
Minimizer is Minuit / Migrad
Chi2                      =     0.248167
NDf                       =           35
Edm                       =  1.09499e-06
NCalls                    =          311
y rise                    =      2.00726   +/-   0.032209    
linear                    =  -0.00127483   +/-   0.000166683 
scale                     =      4.49545   +/-   0.49324     
decay                     =     0.088899   +/-   0.00777721  
Info in <TCanvas::Print>: png file /afs/hep.wisc.edu/home/vshang/public/Phase2L1CaloTaus/Pallabi/CMSSW_13_2_0/src/L1Trigger/L1EGRateStudies/test/crab20231203output_round2_QCDVxy1/jetEt_Calibrations_absEta1p5_to_1p9.png has been created

****************************************
Minimizer is Minuit / Migrad
Chi2                      =    0.0477006
NDf                       =           35
Edm                       =  9.74543e-07
NCalls                    =          313
y rise                    =       1.4877   +/-   0.0143392   
linear                    = -0.000389923   +/-   7.37423e-05 
scale                     =      3.59287   +/-   0.204916    
decay                     =    0.0859987   +/-   0.00402696  
Info in <TCanvas::Print>: png file /afs/hep.wisc.edu/home/vshang/public/Phase2L1CaloTaus/Pallabi/CMSSW_13_2_0/src/L1Trigger/L1EGRateStudies/test/crab20231203output_round2_QCDVxy1/jetEt_Calibrations_absEta1p9_to_2p4.png has been created

****************************************
Minimizer is Minuit / Migrad
Chi2                      =     0.455423
NDf                       =           35
Edm                       =  1.60725e-07
NCalls                    =          571
y rise                    =      1.24701   +/-   0.0308913   
linear                    =   0.00041319   +/-   0.000185497 
scale                     =      2308.55   +/-   1249.78     
decay                     =     0.565404   +/-   0.0476516   
Info in <TCanvas::Print>: png file /afs/hep.wisc.edu/home/vshang/public/Phase2L1CaloTaus/Pallabi/CMSSW_13_2_0/src/L1Trigger/L1EGRateStudies/test/crab20231203output_round2_QCDVxy1/jetEt_Calibrations_absEta2p4_to_3p0.png has been created

****************************************
Minimizer is Minuit / Migrad
Chi2                      =     0.929198
NDf                       =           35
Edm                       =  8.95658e-10
NCalls                    =          213
y rise                    =      1.66252   +/-   0.079269    
linear                    = -0.000570622   +/-   0.000373169 
scale                     =      7.54501   +/-   0.523633    
decay                     =    0.0591343   +/-   0.00480573  
Info in <TCanvas::Print>: png file /afs/hep.wisc.edu/home/vshang/public/Phase2L1CaloTaus/Pallabi/CMSSW_13_2_0/src/L1Trigger/L1EGRateStudies/test/crab20231203output_round2_QCDVxy1/jetEt_Calibrations_absEta3p0_to_3p6.png has been created

****************************************
Minimizer is Minuit / Migrad
Chi2                      =    0.0310236
NDf                       =           35
Edm                       =  1.21538e-08
NCalls                    =          288
y rise                    =      1.19386   +/-   0.0164104   
linear                    = -0.000287654   +/-   7.34166e-05 
scale                     =      1.78822   +/-   0.0610239   
decay                     =    0.0458906   +/-   0.0023246   
Info in <TCanvas::Print>: png file /afs/hep.wisc.edu/home/vshang/public/Phase2L1CaloTaus/Pallabi/CMSSW_13_2_0/src/L1Trigger/L1EGRateStudies/test/crab20231203output_round2_QCDVxy1/jetEt_Calibrations_absEta3p6_to_6p0.png has been created
Name: /afs/hep.wisc.edu/home/vshang/public/Phase2L1CaloTaus/Pallabi/CMSSW_13_2_0/src/L1Trigger/L1EGRateStudies/test/crab/l1CaloJets_r2_CMSSW_13_2_0/20231203/output_round2_QCD.root Title: 
Quantile List:
[0, 1.0]
abs(jetEta)>=0.0 && abs(jetEta)<=0.3
Name: 0_absEta_0p0_to_0p3 Title: 0_absEta_0p0_to_0p3
abs(jetEta)>=0.3 && abs(jetEta)<=0.6
Name: 0_absEta_0p3_to_0p6 Title: 0_absEta_0p3_to_0p6
abs(jetEta)>=0.6 && abs(jetEta)<=1.0
Name: 0_absEta_0p6_to_1p0 Title: 0_absEta_0p6_to_1p0
abs(jetEta)>=1.0 && abs(jetEta)<=1.5
Name: 0_absEta_1p0_to_1p5 Title: 0_absEta_1p0_to_1p5
abs(jetEta)>=1.5 && abs(jetEta)<=1.9
Name: 0_absEta_1p5_to_1p9 Title: 0_absEta_1p5_to_1p9
abs(jetEta)>=1.9 && abs(jetEta)<=2.4
Name: 0_absEta_1p9_to_2p4 Title: 0_absEta_1p9_to_2p4
abs(jetEta)>=2.4 && abs(jetEta)<=3.0
Name: 0_absEta_2p4_to_3p0 Title: 0_absEta_2p4_to_3p0
abs(jetEta)>=3.0 && abs(jetEta)<=3.6
Name: 0_absEta_3p0_to_3p6 Title: 0_absEta_3p0_to_3p6
abs(jetEta)>=3.6 && abs(jetEta)<=6.0
Name: 0_absEta_3p6_to_6p0 Title: 0_absEta_3p6_to_6p0
Calibrating with file: jet_em_calibrations_QCD.root



FIXME - what happened to ROOT in 10_5_X
Why are these errors here?
The code appears to work with my fix

Adding Phase-2 calibration branch to ttree. UseBinnedPt = True
10000
20000
30000
40000
50000
60000
70000
80000
90000
100000
110000
120000
130000
140000
150000
160000
170000
180000
190000
200000
210000
220000
230000
240000
250000
260000
