
****************************************
Minimizer is Minuit / Migrad
Chi2                      =    0.0189181
NDf                       =           35
Edm                       =  9.23513e-07
NCalls                    =          367
y rise                    =      1.06742   +/-   0.0114979   
linear                    =  0.000204066   +/-   5.37232e-05 
scale                     =      1.09801   +/-   0.0666577   
decay                     =    0.0559943   +/-   0.00417402  
Info in <TCanvas::Print>: png file /afs/hep.wisc.edu/home/vshang/public/Phase2L1CaloTaus/Pallabi/CMSSW_13_2_0/src/L1Trigger/L1EGRateStudies/test/crab20231203output_round2_VBFHiggsTauTauVxy1/jetEt_Calibrations_absEta0p0_to_0p3.png has been created

****************************************
Minimizer is Minuit / Migrad
Chi2                      =    0.0293922
NDf                       =           35
Edm                       =  2.58656e-07
NCalls                    =          529
y rise                    =      1.10644   +/-   0.0120717   
linear                    = -8.02047e-05   +/-   6.04722e-05 
scale                     =      1.70101   +/-   0.161815    
decay                     =    0.0812267   +/-   0.00676249  
Info in <TCanvas::Print>: png file /afs/hep.wisc.edu/home/vshang/public/Phase2L1CaloTaus/Pallabi/CMSSW_13_2_0/src/L1Trigger/L1EGRateStudies/test/crab20231203output_round2_VBFHiggsTauTauVxy1/jetEt_Calibrations_absEta0p3_to_0p6.png has been created

****************************************
Minimizer is Minuit / Migrad
Chi2                      =    0.0243208
NDf                       =           35
Edm                       =  2.80592e-07
NCalls                    =          365
y rise                    =      1.10212   +/-   0.0117844   
linear                    = -0.000151624   +/-   5.73754e-05 
scale                     =      1.34622   +/-   0.111799    
decay                     =    0.0695722   +/-   0.00580992  
Info in <TCanvas::Print>: png file /afs/hep.wisc.edu/home/vshang/public/Phase2L1CaloTaus/Pallabi/CMSSW_13_2_0/src/L1Trigger/L1EGRateStudies/test/crab20231203output_round2_VBFHiggsTauTauVxy1/jetEt_Calibrations_absEta0p6_to_1p0.png has been created

****************************************
Minimizer is Minuit / Migrad
Chi2                      =     0.123705
NDf                       =           35
Edm                       =  2.56815e-07
NCalls                    =          386
y rise                    =      1.13921   +/-   0.0248489   
linear                    =  1.65729e-05   +/-   0.000124301 
scale                     =      3.19511   +/-   0.324682    
decay                     =    0.0803745   +/-   0.00721253  
Info in <TCanvas::Print>: png file /afs/hep.wisc.edu/home/vshang/public/Phase2L1CaloTaus/Pallabi/CMSSW_13_2_0/src/L1Trigger/L1EGRateStudies/test/crab20231203output_round2_VBFHiggsTauTauVxy1/jetEt_Calibrations_absEta1p0_to_1p5.png has been created

****************************************
Minimizer is Minuit / Migrad
Chi2                      =     0.211013
NDf                       =           35
Edm                       =  1.65448e-10
NCalls                    =          306
y rise                    =      1.38389   +/-   0.0318158   
linear                    = -0.000571011   +/-   0.000160692 
scale                     =      4.11328   +/-   0.550652    
decay                     =    0.0898086   +/-   0.00969676  
Info in <TCanvas::Print>: png file /afs/hep.wisc.edu/home/vshang/public/Phase2L1CaloTaus/Pallabi/CMSSW_13_2_0/src/L1Trigger/L1EGRateStudies/test/crab20231203output_round2_VBFHiggsTauTauVxy1/jetEt_Calibrations_absEta1p5_to_1p9.png has been created

****************************************
Minimizer is Minuit / Migrad
Chi2                      =     0.107385
NDf                       =           35
Edm                       =  2.46435e-06
NCalls                    =          280
y rise                    =      1.47282   +/-   0.0249749   
linear                    = -0.000595067   +/-   0.00012122  
scale                     =      2.63288   +/-   0.234345    
decay                     =    0.0690745   +/-   0.00623077  
Info in <TCanvas::Print>: png file /afs/hep.wisc.edu/home/vshang/public/Phase2L1CaloTaus/Pallabi/CMSSW_13_2_0/src/L1Trigger/L1EGRateStudies/test/crab20231203output_round2_VBFHiggsTauTauVxy1/jetEt_Calibrations_absEta1p9_to_2p4.png has been created

****************************************
Minimizer is Minuit / Migrad
Chi2                      =     0.261154
NDf                       =           35
Edm                       =  1.00385e-06
NCalls                    =          341
y rise                    =      1.13256   +/-   0.0269029   
linear                    =  0.000699217   +/-   0.000151977 
scale                     =        30.08   +/-   8.57084     
decay                     =     0.238385   +/-   0.0236384   
Info in <TCanvas::Print>: png file /afs/hep.wisc.edu/home/vshang/public/Phase2L1CaloTaus/Pallabi/CMSSW_13_2_0/src/L1Trigger/L1EGRateStudies/test/crab20231203output_round2_VBFHiggsTauTauVxy1/jetEt_Calibrations_absEta2p4_to_3p0.png has been created
Name: /afs/hep.wisc.edu/home/vshang/public/Phase2L1CaloTaus/Pallabi/CMSSW_13_2_0/src/L1Trigger/L1EGRateStudies/test/crab/l1CaloTaus_r2_CMSSW_13_2_0/20231203/output_round2_VBFHiggsTauTau.root Title: 
Quantile List:
[0, 1.0]
abs(jetEta)>=0.0 && abs(jetEta)<=0.3
Name: 0_absEta_0p0_to_0p3 Title: 0_absEta_0p0_to_0p3
abs(jetEta)>=0.3 && abs(jetEta)<=0.6
Name: 0_absEta_0p3_to_0p6 Title: 0_absEta_0p3_to_0p6
abs(jetEta)>=0.6 && abs(jetEta)<=1.0
Name: 0_absEta_0p6_to_1p0 Title: 0_absEta_0p6_to_1p0
abs(jetEta)>=1.0 && abs(jetEta)<=1.5
Name: 0_absEta_1p0_to_1p5 Title: 0_absEta_1p0_to_1p5
abs(jetEta)>=1.5 && abs(jetEta)<=1.9
Name: 0_absEta_1p5_to_1p9 Title: 0_absEta_1p5_to_1p9
abs(jetEta)>=1.9 && abs(jetEta)<=2.4
Name: 0_absEta_1p9_to_2p4 Title: 0_absEta_1p9_to_2p4
abs(jetEta)>=2.4 && abs(jetEta)<=3.0
Name: 0_absEta_2p4_to_3p0 Title: 0_absEta_2p4_to_3p0
Calibrating with file: tau_pt_calibrations_VBFHiggsTauTau.root 



FIXME - what happened to ROOT in 10_5_X
Why are these errors here?
The code appears to work with my fix

Adding Phase-2 calibration branch to ttree. UseBinnedPt = True
10000
20000
30000
40000
50000
60000
70000
80000
90000
100000
110000
120000
