
****************************************
Minimizer is Minuit / Migrad
Chi2                      =     0.032845
NDf                       =           35
Edm                       =  1.18474e-06
NCalls                    =          377
y rise                    =      1.05709   +/-   0.0132555   
linear                    =  0.000176746   +/-   6.55247e-05 
scale                     =      1.20736   +/-   0.175685    
decay                     =    0.0797474   +/-   0.0104026   
Info in <TCanvas::Print>: png file /afs/hep.wisc.edu/home/vshang/public/Phase2L1CaloTaus/CMSSW_12_5_2_patch1/src/L1Trigger/L1EGRateStudies/test/crab20230913output_round2_VBFHiggsTauTau1x3Vxy1/jetEt_Calibrations_absEta0p0_to_0p3.png has been created

****************************************
Minimizer is Minuit / Migrad
Chi2                      =    0.0122724
NDf                       =           35
Edm                       =  1.11837e-06
NCalls                    =          480
y rise                    =       1.0623   +/-   0.00818434  
linear                    =  8.48535e-06   +/-   4.01918e-05 
scale                     =     0.994126   +/-   0.0822823   
decay                     =    0.0717256   +/-   0.00579617  
Info in <TCanvas::Print>: png file /afs/hep.wisc.edu/home/vshang/public/Phase2L1CaloTaus/CMSSW_12_5_2_patch1/src/L1Trigger/L1EGRateStudies/test/crab20230913output_round2_VBFHiggsTauTau1x3Vxy1/jetEt_Calibrations_absEta0p3_to_0p6.png has been created

****************************************
Minimizer is Minuit / Migrad
Chi2                      =    0.0147575
NDf                       =           35
Edm                       =  8.41029e-09
NCalls                    =          400
y rise                    =      1.07239   +/-   0.00940998  
linear                    = -8.74685e-05   +/-   4.53756e-05 
scale                     =     0.969136   +/-   0.0814769   
decay                     =    0.0666892   +/-   0.0058703   
Info in <TCanvas::Print>: png file /afs/hep.wisc.edu/home/vshang/public/Phase2L1CaloTaus/CMSSW_12_5_2_patch1/src/L1Trigger/L1EGRateStudies/test/crab20230913output_round2_VBFHiggsTauTau1x3Vxy1/jetEt_Calibrations_absEta0p6_to_1p0.png has been created

****************************************
Minimizer is Minuit / Migrad
Chi2                      =    0.0619672
NDf                       =           35
Edm                       =  3.97181e-08
NCalls                    =          308
y rise                    =      1.10061   +/-   0.0182937   
linear                    =  2.70603e-05   +/-   9.00825e-05 
scale                     =      1.98313   +/-   0.199557    
decay                     =    0.0740572   +/-   0.00708569  
Info in <TCanvas::Print>: png file /afs/hep.wisc.edu/home/vshang/public/Phase2L1CaloTaus/CMSSW_12_5_2_patch1/src/L1Trigger/L1EGRateStudies/test/crab20230913output_round2_VBFHiggsTauTau1x3Vxy1/jetEt_Calibrations_absEta1p0_to_1p5.png has been created

****************************************
Minimizer is Minuit / Migrad
Chi2                      =     0.334734
NDf                       =           35
Edm                       =  5.11508e-07
NCalls                    =          208
y rise                    =     0.940744   +/-   0.0445654   
linear                    =  0.000328336   +/-   0.00021077  
scale                     =     0.286053   +/-   0.114764    
decay                     =    0.0374359   +/-   0.0151142   
Info in <TCanvas::Print>: png file /afs/hep.wisc.edu/home/vshang/public/Phase2L1CaloTaus/CMSSW_12_5_2_patch1/src/L1Trigger/L1EGRateStudies/test/crab20230913output_round2_VBFHiggsTauTau1x3Vxy1/jetEt_Calibrations_absEta1p5_to_1p9.png has been created

****************************************
Minimizer is Minuit / Migrad
Chi2                      =     0.323428
NDf                       =           35
Edm                       =  1.15695e-06
NCalls                    =          303
y rise                    =     0.689666   +/-   0.0261281   
linear                    =   0.00111303   +/-   0.000156595 
scale                     =      20.1883   +/-   40.29       
decay                     =     0.365879   +/-   0.171136    
Info in <TCanvas::Print>: png file /afs/hep.wisc.edu/home/vshang/public/Phase2L1CaloTaus/CMSSW_12_5_2_patch1/src/L1Trigger/L1EGRateStudies/test/crab20230913output_round2_VBFHiggsTauTau1x3Vxy1/jetEt_Calibrations_absEta1p9_to_2p4.png has been created

****************************************
Minimizer is Minuit / Migrad
Chi2                      =     0.212915
NDf                       =           35
Edm                       =  9.65229e-07
NCalls                    =          279
y rise                    =      0.65909   +/-   0.0248041   
linear                    =   0.00140453   +/-   0.000138819 
scale                     =      2.89915   +/-   3.1874      
decay                     =     0.190964   +/-   0.0886894   
Info in <TCanvas::Print>: png file /afs/hep.wisc.edu/home/vshang/public/Phase2L1CaloTaus/CMSSW_12_5_2_patch1/src/L1Trigger/L1EGRateStudies/test/crab20230913output_round2_VBFHiggsTauTau1x3Vxy1/jetEt_Calibrations_absEta2p4_to_3p0.png has been created
Name: /afs/hep.wisc.edu/home/vshang/public/Phase2L1CaloTaus/CMSSW_12_5_2_patch1/src/L1Trigger/L1EGRateStudies/test/crab/l1CaloTaus_r2_CMSSW_12_5_2_patch1/20230913/output_round2_VBFHiggsTauTau1x3.root Title: 
Quantile List:
[0, 1.0]
abs(jetEta)>=0.0 && abs(jetEta)<=0.3
Name: 0_absEta_0p0_to_0p3 Title: 0_absEta_0p0_to_0p3
abs(jetEta)>=0.3 && abs(jetEta)<=0.6
Name: 0_absEta_0p3_to_0p6 Title: 0_absEta_0p3_to_0p6
abs(jetEta)>=0.6 && abs(jetEta)<=1.0
Name: 0_absEta_0p6_to_1p0 Title: 0_absEta_0p6_to_1p0
abs(jetEta)>=1.0 && abs(jetEta)<=1.5
Name: 0_absEta_1p0_to_1p5 Title: 0_absEta_1p0_to_1p5
abs(jetEta)>=1.5 && abs(jetEta)<=1.9
Name: 0_absEta_1p5_to_1p9 Title: 0_absEta_1p5_to_1p9
abs(jetEta)>=1.9 && abs(jetEta)<=2.4
Name: 0_absEta_1p9_to_2p4 Title: 0_absEta_1p9_to_2p4
abs(jetEta)>=2.4 && abs(jetEta)<=3.0
Name: 0_absEta_2p4_to_3p0 Title: 0_absEta_2p4_to_3p0
Calibrating with file: tau_pt_calibrations_VBFHiggsTauTau1x3.root 



FIXME - what happened to ROOT in 10_5_X
Why are these errors here?
The code appears to work with my fix

Adding Phase-2 calibration branch to ttree. UseBinnedPt = True
10000
20000
30000
40000
50000
60000
70000
80000
90000
100000
110000
120000
