****************************************
Minimizer is Minuit2 / Migrad
Chi2                      =    0.0460223
NDf                       =           30
Edm                       =  9.52987e-06
NCalls                    =          421
y rise                    =       1.5654   +/-   0.0327154   
linear                    = -0.000642951   +/-   0.00012831  
scale                     =     0.959884   +/-   0.0713029   
decay                     =    0.0334071   +/-   0.00486683  
Info in <TCanvas::Print>: png file /afs/hep.wisc.edu/home/vshang/public/Phase2L1CaloTaus/CMSSW_14_0_0_pre3/src/L1Trigger/L1EGRateStudies/test/crab20240626output_round2_QCD_13_1X_nocalibnoMinSeedSTVxy1/jetEt_Calibrations_absEta0p0_to_0p3.png has been created
****************************************
Minimizer is Minuit2 / Migrad
Chi2                      =    0.0354795
NDf                       =           30
Edm                       =  5.13256e-06
NCalls                    =          492
y rise                    =      1.37574   +/-   0.0505296   
linear                    = -0.000355485   +/-   0.00016814  
scale                     =     0.592859   +/-   0.0423042   
decay                     =    0.0210354   +/-   0.00475797  
Info in <TCanvas::Print>: png file /afs/hep.wisc.edu/home/vshang/public/Phase2L1CaloTaus/CMSSW_14_0_0_pre3/src/L1Trigger/L1EGRateStudies/test/crab20240626output_round2_QCD_13_1X_nocalibnoMinSeedSTVxy1/jetEt_Calibrations_absEta0p3_to_0p6.png has been created
****************************************
Minimizer is Minuit2 / Migrad
Chi2                      =    0.0402602
NDf                       =           30
Edm                       =  5.80385e-07
NCalls                    =          289
y rise                    =      1.45775   +/-   0.0394812   
linear                    = -0.000601725   +/-   0.000145992 
scale                     =     0.644821   +/-   0.0633691   
decay                     =    0.0299456   +/-   0.00720794  
Info in <TCanvas::Print>: png file /afs/hep.wisc.edu/home/vshang/public/Phase2L1CaloTaus/CMSSW_14_0_0_pre3/src/L1Trigger/L1EGRateStudies/test/crab20240626output_round2_QCD_13_1X_nocalibnoMinSeedSTVxy1/jetEt_Calibrations_absEta0p6_to_1p0.png has been created
****************************************
Minimizer is Minuit2 / Migrad
Chi2                      =    0.0858344
NDf                       =           30
Edm                       =  5.03819e-06
NCalls                    =          339
y rise                    =      1.79716   +/-   0.0386352   
linear                    =  -0.00119173   +/-   0.00015817  
scale                     =      1.39828   +/-   0.105621    
decay                     =    0.0371336   +/-   0.00482414  
Info in <TCanvas::Print>: png file /afs/hep.wisc.edu/home/vshang/public/Phase2L1CaloTaus/CMSSW_14_0_0_pre3/src/L1Trigger/L1EGRateStudies/test/crab20240626output_round2_QCD_13_1X_nocalibnoMinSeedSTVxy1/jetEt_Calibrations_absEta1p0_to_1p5.png has been created
****************************************
Minimizer is Minuit2 / Migrad
Chi2                      =    0.0500066
NDf                       =           30
Edm                       =  1.02945e-05
NCalls                    =          499
y rise                    =      1.68986   +/-   0.0158336   
linear                    = -0.000421607   +/-   8.12626e-05 
scale                     =      1.44977   +/-   0.152584    
decay                     =    0.0761775   +/-   0.00771479  
Info in <TCanvas::Print>: png file /afs/hep.wisc.edu/home/vshang/public/Phase2L1CaloTaus/CMSSW_14_0_0_pre3/src/L1Trigger/L1EGRateStudies/test/crab20240626output_round2_QCD_13_1X_nocalibnoMinSeedSTVxy1/jetEt_Calibrations_absEta1p5_to_1p9.png has been created
****************************************
Minimizer is Minuit2 / Migrad
Chi2                      =    0.0245063
NDf                       =           30
Edm                       =  3.12859e-07
NCalls                    =          237
y rise                    =       1.1716   +/-   0.0094993   
linear                    =  0.000404425   +/-   5.21497e-05 
scale                     =      11.6819   +/-   0.865119    
decay                     =     0.165367   +/-   0.00730359  
Info in <TCanvas::Print>: png file /afs/hep.wisc.edu/home/vshang/public/Phase2L1CaloTaus/CMSSW_14_0_0_pre3/src/L1Trigger/L1EGRateStudies/test/crab20240626output_round2_QCD_13_1X_nocalibnoMinSeedSTVxy1/jetEt_Calibrations_absEta1p9_to_2p4.png has been created
****************************************
Minimizer is Minuit2 / Migrad
Chi2                      =     0.681176
NDf                       =           30
Edm                       =  4.94822e-08
NCalls                    =          193
y rise                    =      1.04393   +/-   0.0629923   
linear                    =  0.000706807   +/-   0.000312874 
scale                     =      4.71283   +/-   0.40282     
decay                     =    0.0607692   +/-   0.00537219  
Info in <TCanvas::Print>: png file /afs/hep.wisc.edu/home/vshang/public/Phase2L1CaloTaus/CMSSW_14_0_0_pre3/src/L1Trigger/L1EGRateStudies/test/crab20240626output_round2_QCD_13_1X_nocalibnoMinSeedSTVxy1/jetEt_Calibrations_absEta2p4_to_3p0.png has been created
****************************************
Minimizer is Minuit2 / Migrad
Chi2                      =     0.734074
NDf                       =           30
Edm                       =   4.5105e-07
NCalls                    =          270
y rise                    =      1.83315   +/-   0.0775999   
linear                    =  -0.00223126   +/-   0.000360639 
scale                     =      5.34794   +/-   0.381226    
decay                     =    0.0510398   +/-   0.00448428  
Info in <TCanvas::Print>: png file /afs/hep.wisc.edu/home/vshang/public/Phase2L1CaloTaus/CMSSW_14_0_0_pre3/src/L1Trigger/L1EGRateStudies/test/crab20240626output_round2_QCD_13_1X_nocalibnoMinSeedSTVxy1/jetEt_Calibrations_absEta3p0_to_3p6.png has been created
****************************************
Minimizer is Minuit2 / Migrad
Chi2                      =    0.0852757
NDf                       =           30
Edm                       =  2.21318e-07
NCalls                    =          366
y rise                    =      1.22574   +/-   0.028918    
linear                    = -0.000676637   +/-   0.00013027  
scale                     =       1.8945   +/-   0.128954    
decay                     =    0.0481398   +/-   0.00437335  
Info in <TCanvas::Print>: png file /afs/hep.wisc.edu/home/vshang/public/Phase2L1CaloTaus/CMSSW_14_0_0_pre3/src/L1Trigger/L1EGRateStudies/test/crab20240626output_round2_QCD_13_1X_nocalibnoMinSeedSTVxy1/jetEt_Calibrations_absEta3p6_to_6p0.png has been created
Name: /afs/hep.wisc.edu/home/vshang/public/Phase2L1CaloTaus/CMSSW_14_0_0_pre3/src/L1Trigger/L1EGRateStudies/test/crab/l1CaloJets_r2_CMSSW_14_0_0_pre3/20240626/output_round2_QCD_13_1X_nocalibnoMinSeedST.root Title: 
Quantile List:
[0, 1.0]
abs(jetEta)>=0.0 && abs(jetEta)<=0.3
Hello1
helloJet
Name: 0_absEta_0p0_to_0p3 Title: 0_absEta_0p0_to_0p3
abs(jetEta)>=0.3 && abs(jetEta)<=0.6
Hello1
helloJet
Name: 0_absEta_0p3_to_0p6 Title: 0_absEta_0p3_to_0p6
abs(jetEta)>=0.6 && abs(jetEta)<=1.0
Hello1
helloJet
Name: 0_absEta_0p6_to_1p0 Title: 0_absEta_0p6_to_1p0
abs(jetEta)>=1.0 && abs(jetEta)<=1.5
Hello1
helloJet
Name: 0_absEta_1p0_to_1p5 Title: 0_absEta_1p0_to_1p5
abs(jetEta)>=1.5 && abs(jetEta)<=1.9
Hello1
helloJet
Name: 0_absEta_1p5_to_1p9 Title: 0_absEta_1p5_to_1p9
abs(jetEta)>=1.9 && abs(jetEta)<=2.4
Hello1
helloJet
Name: 0_absEta_1p9_to_2p4 Title: 0_absEta_1p9_to_2p4
abs(jetEta)>=2.4 && abs(jetEta)<=3.0
Hello1
helloJet
Name: 0_absEta_2p4_to_3p0 Title: 0_absEta_2p4_to_3p0
abs(jetEta)>=3.0 && abs(jetEta)<=3.6
Hello1
helloJet
Name: 0_absEta_3p0_to_3p6 Title: 0_absEta_3p0_to_3p6
abs(jetEta)>=3.6 && abs(jetEta)<=6.0
Hello1
helloJet
Name: 0_absEta_3p6_to_6p0 Title: 0_absEta_3p6_to_6p0
Calibrating with file: jet_em_calibrations_nocalibnoMinSeedST.root



FIXME - what happened to ROOT in 10_5_X
Why are these errors here?
The code appears to work with my fix

Adding Phase-2 calibration branch to ttree. UseBinnedPt = True
10000
20000
30000
40000
50000
60000
70000
80000
90000
100000
110000
120000
130000
140000
150000
160000
170000
180000
190000
200000
210000
220000
230000
240000
250000
